// Jest Snapshot v1, https://goo.gl/fbAQLP

exports[`MessageList MessageList snapshot 1`] = `
Object {
  "asFragment": [Function],
  "baseElement": <body>
    <div>
      <div
        class="messages__container"
      >
        <div
          class="messages__messages_window"
        >
          <div
            class="messages__outgoing"
          >
            <img
              alt="authUserPhoto"
              class="messages__outgoing_img"
              src="authUserPhoto"
            />
            <div
              class="messages__outgoing_message"
            >
              <h4>
                authUserName
              </h4>
              <span>
                Hi. Thanks for the help.
              </span>
            </div>
            <div />
          </div>
          <div
            class="messages__incoming"
          >
            <div />
            <div
              class="messages__incoming_message"
            >
              <h4>
                Alice
              </h4>
              <span>
                Hi. You are always welcome!
              </span>
            </div>
            <img
              alt="interlocutorsPhoto"
              class="messages__incoming_img"
              src="smallAlice"
            />
          </div>
          <div
            class="messages__incoming"
          >
            <div />
            <div
              class="messages__incoming_message"
            >
              <h4>
                Alice
              </h4>
              <span>
                How are you?
              </span>
            </div>
            <img
              alt="interlocutorsPhoto"
              class="messages__incoming_img"
              src="smallAlice"
            />
          </div>
        </div>
        <textarea
          class="messages__textarea"
          placeholder="Enter new message"
        >
          newMessageText
        </textarea>
        <div
          class="messages__button_container"
        >
          <button
            class="messages__button_container_btn"
          >
            Send
          </button>
        </div>
      </div>
    </div>
  </body>,
  "container": <div>
    <div
      class="messages__container"
    >
      <div
        class="messages__messages_window"
      >
        <div
          class="messages__outgoing"
        >
          <img
            alt="authUserPhoto"
            class="messages__outgoing_img"
            src="authUserPhoto"
          />
          <div
            class="messages__outgoing_message"
          >
            <h4>
              authUserName
            </h4>
            <span>
              Hi. Thanks for the help.
            </span>
          </div>
          <div />
        </div>
        <div
          class="messages__incoming"
        >
          <div />
          <div
            class="messages__incoming_message"
          >
            <h4>
              Alice
            </h4>
            <span>
              Hi. You are always welcome!
            </span>
          </div>
          <img
            alt="interlocutorsPhoto"
            class="messages__incoming_img"
            src="smallAlice"
          />
        </div>
        <div
          class="messages__incoming"
        >
          <div />
          <div
            class="messages__incoming_message"
          >
            <h4>
              Alice
            </h4>
            <span>
              How are you?
            </span>
          </div>
          <img
            alt="interlocutorsPhoto"
            class="messages__incoming_img"
            src="smallAlice"
          />
        </div>
      </div>
      <textarea
        class="messages__textarea"
        placeholder="Enter new message"
      >
        newMessageText
      </textarea>
      <div
        class="messages__button_container"
      >
        <button
          class="messages__button_container_btn"
        >
          Send
        </button>
      </div>
    </div>
  </div>,
  "debug": [Function],
  "findAllByAltText": [Function],
  "findAllByDisplayValue": [Function],
  "findAllByLabelText": [Function],
  "findAllByPlaceholderText": [Function],
  "findAllByRole": [Function],
  "findAllByTestId": [Function],
  "findAllByText": [Function],
  "findAllByTitle": [Function],
  "findByAltText": [Function],
  "findByDisplayValue": [Function],
  "findByLabelText": [Function],
  "findByPlaceholderText": [Function],
  "findByRole": [Function],
  "findByTestId": [Function],
  "findByText": [Function],
  "findByTitle": [Function],
  "getAllByAltText": [Function],
  "getAllByDisplayValue": [Function],
  "getAllByLabelText": [Function],
  "getAllByPlaceholderText": [Function],
  "getAllByRole": [Function],
  "getAllByTestId": [Function],
  "getAllByText": [Function],
  "getAllByTitle": [Function],
  "getByAltText": [Function],
  "getByDisplayValue": [Function],
  "getByLabelText": [Function],
  "getByPlaceholderText": [Function],
  "getByRole": [Function],
  "getByTestId": [Function],
  "getByText": [Function],
  "getByTitle": [Function],
  "queryAllByAltText": [Function],
  "queryAllByDisplayValue": [Function],
  "queryAllByLabelText": [Function],
  "queryAllByPlaceholderText": [Function],
  "queryAllByRole": [Function],
  "queryAllByTestId": [Function],
  "queryAllByText": [Function],
  "queryAllByTitle": [Function],
  "queryByAltText": [Function],
  "queryByDisplayValue": [Function],
  "queryByLabelText": [Function],
  "queryByPlaceholderText": [Function],
  "queryByRole": [Function],
  "queryByTestId": [Function],
  "queryByText": [Function],
  "queryByTitle": [Function],
  "rerender": [Function],
  "unmount": [Function],
}
`;
